// Jest Snapshot v1, https://goo.gl/fbAQLP

exports[`RangesListTable renders the component 1`] = `
<div class="ranges-list-table">
  <search-form-stub value="" placeholder="Search for a range by name or area"></search-form-stub>
  <div>
    <el-table-stub data="[object Object],[object Object]" fit="true" rowkey="_id" showheader="true" emptytext="" selectonindeterminate="true" class="table-clickable">
      <el-table-column-stub type="selection" width="40" resizable="true" filtermultiple="true" sortorders="ascending,descending,"></el-table-column-stub>
      <el-table-column-stub type="default" label="Name/Area" prop="name" sortable="custom" resizable="true" filtermultiple="true" sortorders="descending,ascending"></el-table-column-stub>
      <el-table-column-stub type="default" label="Type" prop="type" sortable="custom" resizable="true" filtermultiple="true" sortorders="descending,ascending"></el-table-column-stub>
      <el-table-column-stub type="default" label="Country" prop="country" sortable="custom" resizable="true" filtermultiple="true" sortorders="descending,ascending"></el-table-column-stub>
      <el-table-column-stub type="default" label="Added On" prop="createdAt" width="150px" sortable="custom" resizable="true" filtermultiple="true" sortorders="descending,ascending"></el-table-column-stub>
      <el-table-column-stub type="default" width="50" resizable="true" align="right" filtermultiple="true" sortorders="ascending,descending,"><template></template></el-table-column-stub> <template></template>
    </el-table-stub>
    <el-pagination-stub pagesize="10" pagercount="7" currentpage="1" layout="total, sizes, prev, pager, next" pagesizes="15,30,45,60"></el-pagination-stub>
  </div>
</div>
`;
